
> tyodev-porto@0.1.0 build
> next build

   Γû▓ Next.js 15.5.6
   - Environments: .env.local, .env
   - Experiments (use with caution):
     ┬╖ optimizePackageImports

   Creating an optimized production build ...
 Γ£ô Compiled successfully in 22.1s
   Linting and checking validity of types ...
node.exe : Failed to compile.
At line:1 char:1
+ & "C:\nvm4w\nodejs/node.exe" "C:\nvm4w\nodejs/node_modules/npm/bin/np ...
+ ~~~~~~~~~~~~~~~~~~~~~~~~~~~~~~~~~~~~~~~~~~~~~~~~~~~~~~~~~~~~~~~~~~~~~
    + CategoryInfo          : NotSpecified: (Failed to compile.:String) [], RemoteException
    + FullyQualifiedErrorId : NativeCommandError
 

./src/app/api/portfolio/skills/[id]/route.ts:30:5
Type error: Argument of type 'Request' is not assignable to parameter of type 'NextRequest'.
  Type 'Request' is missing the following properties from type 'NextRequest': cookies, nextUrl, page, ua

[0m [90m 28 |[39m     }[33m,[39m
 [90m 29 |[39m     { requireAdmin[33m:[39m [36mtrue[39m[33m,[39m methods[33m:[39m [[32m"GET"[39m] }
[31m[1m>[22m[39m[90m 30 |[39m   )(request)[33m;[39m
 [90m    |[39m     [31m[1m^[22m[39m
 [90m 31 |[39m }
 [90m 32 |[39m
 [90m 33 |[39m [90m// PUT - Update skill (admin only)[39m[0m
Next.js build worker exited with code: 1 and signal: null
